[pixinvent.com/apex-angular-4-bootstrap-admin-template/html-demo-3/index.html]
[backblue.gif]
[fade.gif]
[index.html]
[pixinvent.com/apex-angular-4-bootstrap-admin-template/html-demo-3/app-assets/img/ico/apple-icon-60.png]
[pixinvent.com/apex-angular-4-bootstrap-admin-template/html-demo-3/app-assets/img/ico/apple-icon-76.2.delayed]
[pixinvent.com/apex-angular-4-bootstrap-admin-template/html-demo-3/app-assets/img/ico/apple-icon-120.3.delayed]
[pixinvent.com/apex-angular-4-bootstrap-admin-template/html-demo-3/app-assets/img/ico/apple-icon-152.4.delayed]
[pixinvent.com/apex-angular-4-bootstrap-admin-template/html-demo-3/app-assets/img/ico/favicon.ico]
[pixinvent.com/apex-angular-4-bootstrap-admin-template/html-demo-3/app-assets/img/ico/favicon-32.png]
[pixinvent.com/apex-angular-4-bootstrap-admin-template/html-demo-3/app-assets/img/logo-dark.png]
[pixinvent.com/apex-angular-4-bootstrap-admin-template/html-demo-3/dashboard1.html]
[pixinvent.com/apex-angular-4-bootstrap-admin-template/html-demo-3/dashboard2.html]
[pixinvent.com/apex-angular-4-bootstrap-admin-template/html-demo-3/color-palette.html]
[pixinvent.com/apex-angular-4-bootstrap-admin-template/html-demo-3/inbox.html]
[pixinvent.com/apex-angular-4-bootstrap-admin-template/html-demo-3/chat.html]
[pixinvent.com/apex-angular-4-bootstrap-admin-template/html-demo-3/taskboard.html]
[pixinvent.com/apex-angular-4-bootstrap-admin-template/html-demo-3/grids.html]
[pixinvent.com/apex-angular-4-bootstrap-admin-template/html-demo-3/typography.html]
[pixinvent.com/apex-angular-4-bootstrap-admin-template/html-demo-3/syntax-highlighter.html]
[pixinvent.com/apex-angular-4-bootstrap-admin-template/html-demo-3/helper-classes.html]
[pixinvent.com/apex-angular-4-bootstrap-admin-template/html-demo-3/text-utilities.html]
[pixinvent.com/apex-angular-4-bootstrap-admin-template/html-demo-3/feather.html]
[pixinvent.com/apex-angular-4-bootstrap-admin-template/html-demo-3/font-awesome.html]
[pixinvent.com/apex-angular-4-bootstrap-admin-template/html-demo-3/simple-line.html]
[pixinvent.com/apex-angular-4-bootstrap-admin-template/html-demo-3/components-lists.html]
[pixinvent.com/apex-angular-4-bootstrap-admin-template/html-demo-3/components-buttons.html]
[pixinvent.com/apex-angular-4-bootstrap-admin-template/html-demo-3/components-alerts.html]
[pixinvent.com/apex-angular-4-bootstrap-admin-template/html-demo-3/components-badges.html]
[pixinvent.com/apex-angular-4-bootstrap-admin-template/html-demo-3/components-dropdowns.html]
[pixinvent.com/apex-angular-4-bootstrap-admin-template/html-demo-3/components-media-objects.html]
[pixinvent.com/apex-angular-4-bootstrap-admin-template/html-demo-3/components-pagination.html]
[pixinvent.com/apex-angular-4-bootstrap-admin-template/html-demo-3/components-progress.html]
[pixinvent.com/apex-angular-4-bootstrap-admin-template/html-demo-3/components-modals.html]
[pixinvent.com/apex-angular-4-bootstrap-admin-template/html-demo-3/components-collapse.html]
[pixinvent.com/apex-angular-4-bootstrap-admin-template/html-demo-3/components-accordion.html]
[pixinvent.com/apex-angular-4-bootstrap-admin-template/html-demo-3/components-carousel.html]
[pixinvent.com/apex-angular-4-bootstrap-admin-template/html-demo-3/components-datepicker.html]
[pixinvent.com/apex-angular-4-bootstrap-admin-template/html-demo-3/components-popover.html]
[pixinvent.com/apex-angular-4-bootstrap-admin-template/html-demo-3/components-tabs.html]
[pixinvent.com/apex-angular-4-bootstrap-admin-template/html-demo-3/components-tooltip.html]
[pixinvent.com/apex-angular-4-bootstrap-admin-template/html-demo-3/sweet-alerts.html]
[pixinvent.com/apex-angular-4-bootstrap-admin-template/html-demo-3/toastr.html]
[pixinvent.com/apex-angular-4-bootstrap-admin-template/html-demo-3/nouislider.html]
[pixinvent.com/apex-angular-4-bootstrap-admin-template/html-demo-3/upload.html]
[pixinvent.com/apex-angular-4-bootstrap-admin-template/html-demo-3/editor.html]
[pixinvent.com/apex-angular-4-bootstrap-admin-template/html-demo-3/dragndrop.html]
[pixinvent.com/apex-angular-4-bootstrap-admin-template/html-demo-3/tour.html]
[pixinvent.com/apex-angular-4-bootstrap-admin-template/html-demo-3/image-cropper.html]
[pixinvent.com/apex-angular-4-bootstrap-admin-template/html-demo-3/tags-input.html]
[pixinvent.com/apex-angular-4-bootstrap-admin-template/html-demo-3/switch.html]
[pixinvent.com/apex-angular-4-bootstrap-admin-template/html-demo-3/inputs.html]
[pixinvent.com/apex-angular-4-bootstrap-admin-template/html-demo-3/input-groups.html]
[pixinvent.com/apex-angular-4-bootstrap-admin-template/html-demo-3/input-grid.html]
[pixinvent.com/apex-angular-4-bootstrap-admin-template/html-demo-3/basic-forms.html]
[pixinvent.com/apex-angular-4-bootstrap-admin-template/html-demo-3/horizontal-forms.html]
[pixinvent.com/apex-angular-4-bootstrap-admin-template/html-demo-3/hidden-labels.html]
[pixinvent.com/apex-angular-4-bootstrap-admin-template/html-demo-3/form-actions.html]
[pixinvent.com/apex-angular-4-bootstrap-admin-template/html-demo-3/bordered-forms.html]
[pixinvent.com/apex-angular-4-bootstrap-admin-template/html-demo-3/striped-rows.html]
[pixinvent.com/apex-angular-4-bootstrap-admin-template/html-demo-3/validation-forms.html]
[pixinvent.com/apex-angular-4-bootstrap-admin-template/html-demo-3/wizard-forms.html]
[pixinvent.com/apex-angular-4-bootstrap-admin-template/html-demo-3/regular-table.html]
[pixinvent.com/apex-angular-4-bootstrap-admin-template/html-demo-3/extended-table.html]
[pixinvent.com/apex-angular-4-bootstrap-admin-template/html-demo-3/dt-basic-initialization.html]
[pixinvent.com/apex-angular-4-bootstrap-admin-template/html-demo-3/dt-advanced-initialization.html]
[pixinvent.com/apex-angular-4-bootstrap-admin-template/html-demo-3/dt-styling.html]
[pixinvent.com/apex-angular-4-bootstrap-admin-template/html-demo-3/dt-data-sources.html]
[pixinvent.com/apex-angular-4-bootstrap-admin-template/html-demo-3/dt-api.html]
[pixinvent.com/apex-angular-4-bootstrap-admin-template/html-demo-3/basic-cards.html]
[pixinvent.com/apex-angular-4-bootstrap-admin-template/html-demo-3/advanced-cards.html]
[pixinvent.com/apex-angular-4-bootstrap-admin-template/html-demo-3/google-map.html]
[pixinvent.com/apex-angular-4-bootstrap-admin-template/html-demo-3/chartjs.html]
[pixinvent.com/apex-angular-4-bootstrap-admin-template/html-demo-3/chartist.html]
[pixinvent.com/apex-angular-4-bootstrap-admin-template/html-demo-3/calendar.html]
[pixinvent.com/apex-angular-4-bootstrap-admin-template/html-demo-3/forgot-password-page.html]
[pixinvent.com/apex-angular-4-bootstrap-admin-template/html-demo-3/horizontal-timeline-page.html]
[pixinvent.com/apex-angular-4-bootstrap-admin-template/html-demo-3/vertical-timeline-page.html]
[pixinvent.com/apex-angular-4-bootstrap-admin-template/html-demo-3/login-page.html]
[pixinvent.com/apex-angular-4-bootstrap-admin-template/html-demo-3/register-page.html]
[pixinvent.com/apex-angular-4-bootstrap-admin-template/html-demo-3/user-profile-page.html]
[pixinvent.com/apex-angular-4-bootstrap-admin-template/html-demo-3/lock-screen-page.html]
[pixinvent.com/apex-angular-4-bootstrap-admin-template/html-demo-3/invoice-page.html]
[pixinvent.com/apex-angular-4-bootstrap-admin-template/html-demo-3/error-page.html]
[pixinvent.com/apex-angular-4-bootstrap-admin-template/html-demo-3/coming-soon-page.html]
[pixinvent.com/apex-angular-4-bootstrap-admin-template/html-demo-3/gallery-page.html]
[pixinvent.com/apex-angular-4-bootstrap-admin-template/html-demo-3/maintenance-page.html]
[pixinvent.com/apex-angular-4-bootstrap-admin-template/html-demo-3/app-assets/img/flags/us.png]
[pixinvent.com/apex-angular-4-bootstrap-admin-template/html-demo-3/app-assets/img/flags/es.png]
[pixinvent.com/apex-angular-4-bootstrap-admin-template/html-demo-3/app-assets/img/flags/br.png]
[pixinvent.com/apex-angular-4-bootstrap-admin-template/html-demo-3/app-assets/img/flags/de.png]
[pixinvent.com/apex-angular-4-bootstrap-admin-template/html-demo-3/app-assets/img/elements/01.png]
[pixinvent.com/apex-angular-4-bootstrap-admin-template/html-demo-3/app-assets/img/elements/07.png]
[pixinvent.com/apex-angular-4-bootstrap-admin-template/html-demo-3/app-assets/img/elements/11.png]
[pixinvent.com/apex-angular-4-bootstrap-admin-template/html-demo-3/app-assets/img/elements/14.png]
[pixinvent.com/apex-angular-4-bootstrap-admin-template/html-demo-3/app-assets/img/portrait/small/avatar-s-12.png]
[pixinvent.com/apex-angular-4-bootstrap-admin-template/html-demo-3/app-assets/img/portrait/small/avatar-s-11.png]
[pixinvent.com/apex-angular-4-bootstrap-admin-template/html-demo-3/app-assets/img/portrait/small/avatar-s-3.png]
[pixinvent.com/apex-angular-4-bootstrap-admin-template/html-demo-3/app-assets/img/portrait/small/avatar-s-6.png]
[pixinvent.com/apex-angular-4-bootstrap-admin-template/html-demo-3/app-assets/img/portrait/small/avatar-s-18.png]
[pixinvent.com/apex-angular-4-bootstrap-admin-template/html-demo-3/app-assets/img/portrait/small/avatar-s-1.png]
[pixinvent.com/apex-angular-4-bootstrap-admin-template/html-demo-3/app-assets/img/portrait/small/avatar-s-2.png]
[pixinvent.com/apex-angular-4-bootstrap-admin-template/html-demo-3/app-assets/img/portrait/small/avatar-s-15.png]
[pixinvent.com/apex-angular-4-bootstrap-admin-template/html-demo-3/app-assets/img/portrait/small/avatar-s-19.png]
[pixinvent.com/apex-angular-4-bootstrap-admin-template/html-demo-3/app-assets/img/portrait/small/avatar-s-14.png]
[pixinvent.com/apex-angular-4-bootstrap-admin-template/html-demo-3/app-assets/img/portrait/small/avatar-s-13.png]
[pixinvent.com/apex-angular-4-bootstrap-admin-template/html-demo-3/app-assets/img/portrait/small/avatar-s-22.png]
[pixinvent.com/apex-angular-4-bootstrap-admin-template/html-demo-3/app-assets/img/portrait/small/avatar-s-9.png]
[pixinvent.com/apex-angular-4-bootstrap-admin-template/html-demo-3/app-assets/img/portrait/small/avatar-s-20.png]
[pixinvent.com/apex-angular-4-bootstrap-admin-template/html-demo-3/app-assets/img/sidebar-bg/01.jpg]
[pixinvent.com/apex-angular-4-bootstrap-admin-template/html-demo-3/app-assets/img/sidebar-bg/02.jpg]
[pixinvent.com/apex-angular-4-bootstrap-admin-template/html-demo-3/app-assets/img/sidebar-bg/03.jpg]
[pixinvent.com/apex-angular-4-bootstrap-admin-template/html-demo-3/app-assets/img/sidebar-bg/04.jpg]
[pixinvent.com/apex-angular-4-bootstrap-admin-template/html-demo-3/app-assets/img/sidebar-bg/05.jpg]
[pixinvent.com/apex-angular-4-bootstrap-admin-template/html-demo-3/app-assets/img/sidebar-bg/06.jpg]
[pixinvent.com/apex-angular-4-bootstrap-admin-template/html-demo-3/app-assets/vendors/js/core/jquery-3.2.1.min.js]
[pixinvent.com/apex-angular-4-bootstrap-admin-template/html-demo-3/app-assets/vendors/js/core/popper.min.js]
[pixinvent.com/apex-angular-4-bootstrap-admin-template/html-demo-3/app-assets/vendors/js/core/bootstrap.min.js]
[pixinvent.com/apex-angular-4-bootstrap-admin-template/html-demo-3/app-assets/vendors/js/perfect-scrollbar.jquery.min.js]
[pixinvent.com/apex-angular-4-bootstrap-admin-template/html-demo-3/app-assets/vendors/js/prism.min.js]
[pixinvent.com/apex-angular-4-bootstrap-admin-template/html-demo-3/app-assets/vendors/js/jquery.matchHeight-min.js]
[pixinvent.com/apex-angular-4-bootstrap-admin-template/html-demo-3/app-assets/vendors/js/screenfull.min.js]
[pixinvent.com/apex-angular-4-bootstrap-admin-template/html-demo-3/app-assets/vendors/js/pace/pace.min.js]
[pixinvent.com/apex-angular-4-bootstrap-admin-template/html-demo-3/app-assets/vendors/js/chartist.min.js]
[pixinvent.com/apex-angular-4-bootstrap-admin-template/html-demo-3/app-assets/js/app-sidebar.js]
[pixinvent.com/apex-angular-4-bootstrap-admin-template/html-demo-3/app-assets/js/notification-sidebar.js]
[pixinvent.com/apex-angular-4-bootstrap-admin-template/html-demo-3/app-assets/js/customizer.js]
[pixinvent.com/apex-angular-4-bootstrap-admin-template/html-demo-3/index.html]
[pixinvent.com/apex-angular-4-bootstrap-admin-template/html-demo-3/app-assets/js/dashboard1.js]
[fonts.googleapis.com/cssba9e.css]
[pixinvent.com/apex-angular-4-bootstrap-admin-template/html-demo-3/dashboard1.html]
[pixinvent.com/apex-angular-4-bootstrap-admin-template/html-demo-3/app-assets/img/photos/weather-1.jpg]
[pixinvent.com/apex-angular-4-bootstrap-admin-template/html-demo-3/app-assets/img/photos/17.jpg]
[pixinvent.com/apex-angular-4-bootstrap-admin-template/html-demo-3/app-assets/img/photos/13.jpg]
[pixinvent.com/apex-angular-4-bootstrap-admin-template/html-demo-3/app-assets/img/photos/12.jpg]
[pixinvent.com/apex-angular-4-bootstrap-admin-template/html-demo-3/dashboard2.html]
[pixinvent.com/apex-angular-4-bootstrap-admin-template/html-demo-3/color-palette.html]
[pixinvent.com/apex-angular-4-bootstrap-admin-template/html-demo-3/app-assets/js/dashboard2.js]
[pixinvent.com/apex-angular-4-bootstrap-admin-template/html-demo-3/app-assets/img/portrait/small/avatar-s-7.png]
[pixinvent.com/apex-angular-4-bootstrap-admin-template/html-demo-3/app-assets/img/portrait/small/avatar-s-5.png]
[pixinvent.com/apex-angular-4-bootstrap-admin-template/html-demo-3/app-assets/img/portrait/small/avatar-s-8.png]
[pixinvent.com/apex-angular-4-bootstrap-admin-template/html-demo-3/app-assets/img/portrait/small/avatar-s-10.png]
[pixinvent.com/apex-angular-4-bootstrap-admin-template/html-demo-3/inbox.html]
[pixinvent.com/apex-angular-4-bootstrap-admin-template/html-demo-3/app-assets/js/inbox.js]
[pixinvent.com/apex-angular-4-bootstrap-admin-template/html-demo-3/app-assets/img/portrait/small/avatar-s-4.png]
[pixinvent.com/apex-angular-4-bootstrap-admin-template/html-demo-3/chat.html]
[pixinvent.com/apex-angular-4-bootstrap-admin-template/html-demo-3/app-assets/js/chat.js]
[pixinvent.com/apex-angular-4-bootstrap-admin-template/html-demo-3/app-assets/vendors/js/dragula.min.js]
[pixinvent.com/apex-angular-4-bootstrap-admin-template/html-demo-3/taskboard.html]
[pixinvent.com/apex-angular-4-bootstrap-admin-template/html-demo-3/grids.html]
[pixinvent.com/apex-angular-4-bootstrap-admin-template/html-demo-3/app-assets/js/taskboard.js]
[pixinvent.com/apex-angular-4-bootstrap-admin-template/html-demo-3/color-palettes]
[pixinvent.com/apex-angular-4-bootstrap-admin-template/html-demo-3/typography.html]
[pixinvent.com/apex-angular-4-bootstrap-admin-template/html-demo-3/syntax-highlighter.html]
[pixinvent.com/apex-angular-4-bootstrap-admin-template/html-demo-3/helper-classes.html]
[pixinvent.com/apex-angular-4-bootstrap-admin-template/html-demo-3/text-utilities.html]
[pixinvent.com/apex-angular-4-bootstrap-admin-template/html-demo-3/feather.html]
[pixinvent.com/apex-angular-4-bootstrap-admin-template/html-demo-3/font-awesome.html]
[pixinvent.com/apex-angular-4-bootstrap-admin-template/html-demo-3/simple-line.html]
[pixinvent.com/apex-angular-4-bootstrap-admin-template/html-demo-3/components-lists.html]
[pixinvent.com/apex-angular-4-bootstrap-admin-template/html-demo-3/components-buttons.html]
[pixinvent.com/apex-angular-4-bootstrap-admin-template/html-demo-3/components-alerts.html]
[pixinvent.com/apex-angular-4-bootstrap-admin-template/html-demo-3/components-badges.html]
[pixinvent.com/apex-angular-4-bootstrap-admin-template/html-demo-3/components-dropdowns.html]
[pixinvent.com/apex-angular-4-bootstrap-admin-template/html-demo-3/components-media-objects.html]
[pixinvent.com/apex-angular-4-bootstrap-admin-template/html-demo-3/components-pagination.html]
[pixinvent.com/apex-angular-4-bootstrap-admin-template/html-demo-3/components-progress.html]
[pixinvent.com/apex-angular-4-bootstrap-admin-template/html-demo-3/app-assets/img/portrait/small/avatar-s-24.png]
[pixinvent.com/apex-angular-4-bootstrap-admin-template/html-demo-3/components-modals.html]
[pixinvent.com/apex-angular-4-bootstrap-admin-template/html-demo-3/components-collapse.html]
[pixinvent.com/apex-angular-4-bootstrap-admin-template/html-demo-3/components-accordion.html]
[pixinvent.com/apex-angular-4-bootstrap-admin-template/html-demo-3/app-assets/js/components-modal.min.js]
[pixinvent.com/apex-angular-4-bootstrap-admin-template/html-demo-3/app-assets/img/photos/02.jpg]
[pixinvent.com/apex-angular-4-bootstrap-admin-template/html-demo-3/app-assets/img/photos/03.jpg]
[pixinvent.com/apex-angular-4-bootstrap-admin-template/html-demo-3/app-assets/img/photos/01.jpg]
[pixinvent.com/apex-angular-4-bootstrap-admin-template/html-demo-3/app-assets/img/photos/06.jpg]
[pixinvent.com/apex-angular-4-bootstrap-admin-template/html-demo-3/app-assets/img/photos/08.jpg]
[pixinvent.com/apex-angular-4-bootstrap-admin-template/html-demo-3/app-assets/img/photos/05.jpg]
[pixinvent.com/apex-angular-4-bootstrap-admin-template/html-demo-3/app-assets/img/photos/10.jpg]
[pixinvent.com/apex-angular-4-bootstrap-admin-template/html-demo-3/app-assets/img/photos/04.jpg]
[pixinvent.com/apex-angular-4-bootstrap-admin-template/html-demo-3/app-assets/img/photos/09.jpg]
[pixinvent.com/apex-angular-4-bootstrap-admin-template/html-demo-3/app-assets/img/photos/07.jpg]
[pixinvent.com/apex-angular-4-bootstrap-admin-template/html-demo-3/components-carousel.html]
[pixinvent.com/apex-angular-4-bootstrap-admin-template/html-demo-3/app-assets/img/photos/11.jpg]
[pixinvent.com/apex-angular-4-bootstrap-admin-template/html-demo-3/app-assets/vendors/js/pickadate/picker.js]
[pixinvent.com/apex-angular-4-bootstrap-admin-template/html-demo-3/app-assets/vendors/js/pickadate/picker.date.js]
[pixinvent.com/apex-angular-4-bootstrap-admin-template/html-demo-3/app-assets/vendors/js/pickadate/picker.time.js]
[pixinvent.com/apex-angular-4-bootstrap-admin-template/html-demo-3/app-assets/vendors/js/pickadate/legacy.js]
[pixinvent.com/apex-angular-4-bootstrap-admin-template/html-demo-3/components-datepicker.html]
[pixinvent.com/apex-angular-4-bootstrap-admin-template/html-demo-3/app-assets/js/pick-a-datetime.js]
[pixinvent.com/apex-angular-4-bootstrap-admin-template/html-demo-3/components-popover.html]
[pixinvent.com/apex-angular-4-bootstrap-admin-template/html-demo-3/components-tabs.html]
[pixinvent.com/apex-angular-4-bootstrap-admin-template/html-demo-3/app-assets/js/popover.js]
[pixinvent.com/apex-angular-4-bootstrap-admin-template/html-demo-3/components-tooltip.html]
[pixinvent.com/apex-angular-4-bootstrap-admin-template/html-demo-3/app-assets/js/tooltip.js]
[pixinvent.com/apex-angular-4-bootstrap-admin-template/html-demo-3/app-assets/vendors/js/sweetalert2.min.js]
[pixinvent.com/apex-angular-4-bootstrap-admin-template/html-demo-3/sweet-alerts.html]
[pixinvent.com/apex-angular-4-bootstrap-admin-template/html-demo-3/app-assets/js/sweet-alerts.js]
[pixinvent.com/apex-angular-4-bootstrap-admin-template/html-demo-3/app-assets/vendors/js/toastr.min.js]
[pixinvent.com/apex-angular-4-bootstrap-admin-template/html-demo-3/toastr.html]
[pixinvent.com/apex-angular-4-bootstrap-admin-template/html-demo-3/app-assets/js/toastr.min.js]
[pixinvent.com/apex-angular-4-bootstrap-admin-template/html-demo-3/app-assets/vendors/js/wNumb.js]
[pixinvent.com/apex-angular-4-bootstrap-admin-template/html-demo-3/app-assets/vendors/js/nouislider.min.js]
[pixinvent.com/apex-angular-4-bootstrap-admin-template/html-demo-3/nouislider.html]
[pixinvent.com/apex-angular-4-bootstrap-admin-template/html-demo-3/app-assets/js/noui-slider.js]
[pixinvent.com/apex-angular-4-bootstrap-admin-template/html-demo-3/app-assets/css/plugins/file-uploaders/dropzone.css]
[pixinvent.com/apex-angular-4-bootstrap-admin-template/html-demo-3/app-assets/vendors/js/dropzone.min.js]
[pixinvent.com/apex-angular-4-bootstrap-admin-template/html-demo-3/upload.html]
[pixinvent.com/apex-angular-4-bootstrap-admin-template/html-demo-3/app-assets/js/dropzone.js]
[pixinvent.com/apex-angular-4-bootstrap-admin-template/html-demo-3/app-assets/vendors/js/katex.min.js]
[pixinvent.com/apex-angular-4-bootstrap-admin-template/html-demo-3/app-assets/vendors/js/highlight.min.js]
[pixinvent.com/apex-angular-4-bootstrap-admin-template/html-demo-3/app-assets/vendors/js/quill.min.js]
[pixinvent.com/apex-angular-4-bootstrap-admin-template/html-demo-3/editor.html]
[pixinvent.com/apex-angular-4-bootstrap-admin-template/html-demo-3/app-assets/js/quill.min.js]
[pixinvent.com/apex-angular-4-bootstrap-admin-template/html-demo-3/dragndrop.html]
[pixinvent.com/apex-angular-4-bootstrap-admin-template/html-demo-3/app-assets/js/draggable.js]
[pixinvent.com/apex-angular-4-bootstrap-admin-template/html-demo-3/app-assets/vendors/js/hopscotch.min.js]
[pixinvent.com/apex-angular-4-bootstrap-admin-template/html-demo-3/tour.html]
[pixinvent.com/apex-angular-4-bootstrap-admin-template/html-demo-3/app-assets/js/tour.min.js]
[pixinvent.com/apex-angular-4-bootstrap-admin-template/html-demo-3/app-assets/img/crop-pic.jpg]
[pixinvent.com/apex-angular-4-bootstrap-admin-template/html-demo-3/app-assets/img/gallery/1.jpg]
[pixinvent.com/apex-angular-4-bootstrap-admin-template/html-demo-3/app-assets/img/gallery/5.jpg]
[pixinvent.com/apex-angular-4-bootstrap-admin-template/html-demo-3/app-assets/img/gallery/15.jpg]
[pixinvent.com/apex-angular-4-bootstrap-admin-template/html-demo-3/app-assets/img/gallery/14.jpg]
[pixinvent.com/apex-angular-4-bootstrap-admin-template/html-demo-3/app-assets/img/gallery/3.jpg]
[pixinvent.com/apex-angular-4-bootstrap-admin-template/html-demo-3/app-assets/img/gallery/33.jpg]
[pixinvent.com/apex-angular-4-bootstrap-admin-template/html-demo-3/app-assets/img/gallery/7.jpg]
[pixinvent.com/apex-angular-4-bootstrap-admin-template/html-demo-3/app-assets/img/gallery/28.jpg]
[pixinvent.com/apex-angular-4-bootstrap-admin-template/html-demo-3/app-assets/img/gallery/17.jpg]
[pixinvent.com/apex-angular-4-bootstrap-admin-template/html-demo-3/app-assets/img/gallery/21.jpg]
[pixinvent.com/apex-angular-4-bootstrap-admin-template/html-demo-3/app-assets/img/gallery/27.jpg]
[pixinvent.com/apex-angular-4-bootstrap-admin-template/html-demo-3/app-assets/img/gallery/29.jpg]
[pixinvent.com/apex-angular-4-bootstrap-admin-template/html-demo-3/app-assets/img/gallery/32.jpg]
[pixinvent.com/apex-angular-4-bootstrap-admin-template/html-demo-3/app-assets/vendors/js/cropper.min.js]
[pixinvent.com/apex-angular-4-bootstrap-admin-template/html-demo-3/image-cropper.html]
[pixinvent.com/apex-angular-4-bootstrap-admin-template/html-demo-3/app-assets/js/image-cropper.js]
[pixinvent.com/apex-angular-4-bootstrap-admin-template/html-demo-3/app-assets/vendors/js/tagging.min.js]
[pixinvent.com/apex-angular-4-bootstrap-admin-template/html-demo-3/tags-input.html]
[pixinvent.com/apex-angular-4-bootstrap-admin-template/html-demo-3/app-assets/js/tagging.js]
[pixinvent.com/apex-angular-4-bootstrap-admin-template/html-demo-3/app-assets/vendors/js/switchery.min.js]
[pixinvent.com/apex-angular-4-bootstrap-admin-template/html-demo-3/switch.html]
[pixinvent.com/apex-angular-4-bootstrap-admin-template/html-demo-3/inputs.html]
[pixinvent.com/apex-angular-4-bootstrap-admin-template/html-demo-3/input-groups.html]
[pixinvent.com/apex-angular-4-bootstrap-admin-template/html-demo-3/input-grid.html]
[pixinvent.com/apex-angular-4-bootstrap-admin-template/html-demo-3/basic-forms.html]
[pixinvent.com/apex-angular-4-bootstrap-admin-template/html-demo-3/horizontal-forms.html]
[pixinvent.com/apex-angular-4-bootstrap-admin-template/html-demo-3/hidden-labels.html]
[pixinvent.com/apex-angular-4-bootstrap-admin-template/html-demo-3/form-actions.html]
[pixinvent.com/apex-angular-4-bootstrap-admin-template/html-demo-3/bordered-forms.html]
[pixinvent.com/apex-angular-4-bootstrap-admin-template/html-demo-3/striped-rows.html]
[pixinvent.com/apex-angular-4-bootstrap-admin-template/html-demo-3/app-assets/js/switch.min.js]
[pixinvent.com/apex-angular-4-bootstrap-admin-template/html-demo-3/app-assets/vendors/js/jqBootstrapValidation.js]
[pixinvent.com/apex-angular-4-bootstrap-admin-template/html-demo-3/validation-forms.html]
[pixinvent.com/apex-angular-4-bootstrap-admin-template/html-demo-3/app-assets/js/form-validation.js]
[pixinvent.com/apex-angular-4-bootstrap-admin-template/html-demo-3/app-assets/vendors/js/jquery.steps.min.js]
[pixinvent.com/apex-angular-4-bootstrap-admin-template/html-demo-3/app-assets/vendors/js/jquery.validate.min.js]
[pixinvent.com/apex-angular-4-bootstrap-admin-template/html-demo-3/wizard-forms.html]
[pixinvent.com/apex-angular-4-bootstrap-admin-template/html-demo-3/regular-table.html]
[pixinvent.com/apex-angular-4-bootstrap-admin-template/html-demo-3/extended-table.html]
[pixinvent.com/apex-angular-4-bootstrap-admin-template/html-demo-3/app-assets/js/wizard-steps.js]
[pixinvent.com/apex-angular-4-bootstrap-admin-template/html-demo-3/app-assets/vendors/js/datatable/datatables.min.js]
[pixinvent.com/apex-angular-4-bootstrap-admin-template/html-demo-3/dt-basic-initialization.html]
[pixinvent.com/apex-angular-4-bootstrap-admin-template/html-demo-3/app-assets/js/data-tables/datatable-basic.js]
[pixinvent.com/apex-angular-4-bootstrap-admin-template/html-demo-3/app-assets/vendors/js/datatable/dataTables.buttons.min.js]
[pixinvent.com/apex-angular-4-bootstrap-admin-template/html-demo-3/app-assets/vendors/js/datatable/buttons.flash.min.js]
[pixinvent.com/apex-angular-4-bootstrap-admin-template/html-demo-3/app-assets/vendors/js/datatable/jszip.min.js]
[pixinvent.com/apex-angular-4-bootstrap-admin-template/html-demo-3/app-assets/vendors/js/datatable/pdfmake.min.js]
[pixinvent.com/apex-angular-4-bootstrap-admin-template/html-demo-3/app-assets/vendors/js/datatable/vfs_fonts.js]
[pixinvent.com/apex-angular-4-bootstrap-admin-template/html-demo-3/app-assets/vendors/js/datatable/buttons.html5.min.js]
[pixinvent.com/apex-angular-4-bootstrap-admin-template/html-demo-3/app-assets/vendors/js/datatable/buttons.print.min.js]
[pixinvent.com/apex-angular-4-bootstrap-admin-template/html-demo-3/dt-advanced-initialization.html]
[pixinvent.com/apex-angular-4-bootstrap-admin-template/html-demo-3/app-assets/js/data-tables/datatable-advanced.js]
[pixinvent.com/apex-angular-4-bootstrap-admin-template/html-demo-3/app-assets/js/data-tables/datatable-styling.js]
[pixinvent.com/apex-angular-4-bootstrap-admin-template/html-demo-3/dt-styling.html]
[pixinvent.com/apex-angular-4-bootstrap-admin-template/html-demo-3/app-assets/js/data-tables/datatables-sources.js]
[pixinvent.com/apex-angular-4-bootstrap-admin-template/html-demo-3/dt-data-sources.html]
[pixinvent.com/apex-angular-4-bootstrap-admin-template/html-demo-3/app-assets/vendors/js/datatable/dataTables.responsive.min.js]
[pixinvent.com/apex-angular-4-bootstrap-admin-template/html-demo-3/dt-api.html]
[pixinvent.com/apex-angular-4-bootstrap-admin-template/html-demo-3/app-assets/js/data-tables/datatable-api.js]
[pixinvent.com/apex-angular-4-bootstrap-admin-template/html-demo-3/basic-cards.html]
[pixinvent.com/apex-angular-4-bootstrap-admin-template/html-demo-3/app-assets/img/photos/14.jpg]
[pixinvent.com/apex-angular-4-bootstrap-admin-template/html-demo-3/app-assets/img/photos/15.jpg]
[pixinvent.com/apex-angular-4-bootstrap-admin-template/html-demo-3/app-assets/img/photos/weather-2.png]
[pixinvent.com/apex-angular-4-bootstrap-admin-template/html-demo-3/app-assets/img/elements/06.png]
[pixinvent.com/apex-angular-4-bootstrap-admin-template/html-demo-3/advanced-cards.html]
[pixinvent.com/apex-angular-4-bootstrap-admin-template/html-demo-3/app-assets/img/elements/04.png]
[pixinvent.com/apex-angular-4-bootstrap-admin-template/html-demo-3/app-assets/vendors/js/gmaps.min.js]
[pixinvent.com/apex-angular-4-bootstrap-admin-template/html-demo-3/google-map.html]
[pixinvent.com/apex-angular-4-bootstrap-admin-template/html-demo-3/app-assets/js/maps.js]
[pixinvent.com/apex-angular-4-bootstrap-admin-template/html-demo-3/app-assets/vendors/js/chart.min.js]
[pixinvent.com/apex-angular-4-bootstrap-admin-template/html-demo-3/chartjs.html]
[pixinvent.com/apex-angular-4-bootstrap-admin-template/html-demo-3/app-assets/js/chartjs.js]
[pixinvent.com/apex-angular-4-bootstrap-admin-template/html-demo-3/chartist.html]
[pixinvent.com/apex-angular-4-bootstrap-admin-template/html-demo-3/app-assets/js/chartist.js]
[pixinvent.com/apex-angular-4-bootstrap-admin-template/html-demo-3/app-assets/vendors/js/moment.min.js]
[pixinvent.com/apex-angular-4-bootstrap-admin-template/html-demo-3/app-assets/vendors/js/fullcalendar.min.js]
[pixinvent.com/apex-angular-4-bootstrap-admin-template/html-demo-3/app-assets/vendors/js/jquery-ui.min.js]
[pixinvent.com/apex-angular-4-bootstrap-admin-template/html-demo-3/calendar.html]
[pixinvent.com/apex-angular-4-bootstrap-admin-template/html-demo-3/forgot-password-page.html]
[pixinvent.com/apex-angular-4-bootstrap-admin-template/html-demo-3/app-assets/js/fullcalendar.js]
[pixinvent.com/apex-angular-4-bootstrap-admin-template/html-demo-3/horizontal-timeline-page.html]
[pixinvent.com/apex-angular-4-bootstrap-admin-template/html-demo-3/app-assets/js/horizontal-timeline.min.js]
[pixinvent.com/apex-angular-4-bootstrap-admin-template/html-demo-3/app-assets/img/gallery/2.jpg]
[pixinvent.com/apex-angular-4-bootstrap-admin-template/html-demo-3/app-assets/img/gallery/4.jpg]
[pixinvent.com/apex-angular-4-bootstrap-admin-template/html-demo-3/app-assets/img/gallery/6.jpg]
[pixinvent.com/apex-angular-4-bootstrap-admin-template/html-demo-3/app-assets/img/gallery/8.jpg]
[pixinvent.com/apex-angular-4-bootstrap-admin-template/html-demo-3/app-assets/img/gallery/9.jpg]
[pixinvent.com/apex-angular-4-bootstrap-admin-template/html-demo-3/app-assets/img/gallery/10.jpg]
[pixinvent.com/apex-angular-4-bootstrap-admin-template/html-demo-3/app-assets/img/gallery/11.jpg]
[pixinvent.com/apex-angular-4-bootstrap-admin-template/html-demo-3/vertical-timeline-page.html]
[pixinvent.com/apex-angular-4-bootstrap-admin-template/html-demo-3/app-assets/img/gallery/12.jpg]
[pixinvent.com/apex-angular-4-bootstrap-admin-template/html-demo-3/login-page.html]
[pixinvent.com/apex-angular-4-bootstrap-admin-template/html-demo-3/app-assets/img/portrait/avatars/avatar-08.png]
[pixinvent.com/apex-angular-4-bootstrap-admin-template/html-demo-3/register-page.html]
[pixinvent.com/apex-angular-4-bootstrap-admin-template/html-demo-3/app-assets/img/elements/13.png]
[pixinvent.com/apex-angular-4-bootstrap-admin-template/html-demo-3/app-assets/img/portrait/small/avatar-s-16.png]
[pixinvent.com/apex-angular-4-bootstrap-admin-template/html-demo-3/app-assets/img/gallery/13.jpg]
[pixinvent.com/apex-angular-4-bootstrap-admin-template/html-demo-3/user-profile-page.html]
[pixinvent.com/apex-angular-4-bootstrap-admin-template/html-demo-3/app-assets/img/gallery/16.jpg]
[pixinvent.com/apex-angular-4-bootstrap-admin-template/html-demo-3/lock-screen-page.html]
[pixinvent.com/apex-angular-4-bootstrap-admin-template/html-demo-3/app-assets/img/portrait/avatars/avatar-03.png]
[pixinvent.com/apex-angular-4-bootstrap-admin-template/html-demo-3/app-assets/img/logos/logo-big-black.png]
[pixinvent.com/apex-angular-4-bootstrap-admin-template/html-demo-3/invoice-page.html]
[pixinvent.com/apex-angular-4-bootstrap-admin-template/html-demo-3/app-assets/img/pages/signature-scan.png]
[pixinvent.com/apex-angular-4-bootstrap-admin-template/html-demo-3/error-page.html]
[pixinvent.com/apex-angular-4-bootstrap-admin-template/html-demo-3/app-assets/img/portrait/avatars/avatar-10.png]
[pixinvent.com/apex-angular-4-bootstrap-admin-template/html-demo-3/app-assets/img/logos/logo-big-white.png]
[pixinvent.com/apex-angular-4-bootstrap-admin-template/html-demo-3/app-assets/vendors/js/jquery.countdown.min.js]
[pixinvent.com/apex-angular-4-bootstrap-admin-template/html-demo-3/coming-soon-page.html]
[pixinvent.com/apex-angular-4-bootstrap-admin-template/html-demo-3/app-assets/js/coming-soon.js]
[pixinvent.com/apex-angular-4-bootstrap-admin-template/html-demo-3/maintenance-page.html]
[pixinvent.com/apex-angular-4-bootstrap-admin-template/html-demo-3/app-assets/img/logos/logo-color-big.png]
[pixinvent.com/apex-angular-4-bootstrap-admin-template/html-demo-3/app-assets/img/gallery/25.jpg]
[pixinvent.com/apex-angular-4-bootstrap-admin-template/html-demo-3/app-assets/img/gallery/26.jpg]
[pixinvent.com/apex-angular-4-bootstrap-admin-template/html-demo-3/app-assets/img/gallery/18.jpg]
[pixinvent.com/apex-angular-4-bootstrap-admin-template/html-demo-3/app-assets/img/gallery/19.jpg]
[pixinvent.com/apex-angular-4-bootstrap-admin-template/html-demo-3/gallery-page.html]
[pixinvent.com/apex-angular-4-bootstrap-admin-template/html-demo-3/color-palettes.html]
[pixinvent.com/apex-angular-4-bootstrap-admin-template/html-demo-3/app-assets/img/gallery/20.jpg]
[pixinvent.com/apex-angular-4-bootstrap-admin-template/html-demo-3/app-assets/img/ico/apple-icon-152.html]
[pixinvent.com/apex-angular-4-bootstrap-admin-template/html-demo-3/app-assets/img/ico/favicon.ico]
[pixinvent.com/apex-angular-4-bootstrap-admin-template/html-demo-3/app-assets/img/elements/01.png]
[pixinvent.com/apex-angular-4-bootstrap-admin-template/html-demo-3/app-assets/fonts/feather/fonts/feather2467.eot]
[pixinvent.com/apex-angular-4-bootstrap-admin-template/html-demo-3/app-assets/fonts/feather/fonts/feather2467.ttf]
[pixinvent.com/apex-angular-4-bootstrap-admin-template/html-demo-3/app-assets/fonts/feather/fonts/feather2467.woff]
[pixinvent.com/apex-angular-4-bootstrap-admin-template/html-demo-3/app-assets/img/flags/es.png]
[pixinvent.com/apex-angular-4-bootstrap-admin-template/html-demo-3/app-assets/fonts/feather/style.min.css]
[pixinvent.com/apex-angular-4-bootstrap-admin-template/html-demo-3/app-assets/img/flags/br.png]
[pixinvent.com/apex-angular-4-bootstrap-admin-template/html-demo-3/app-assets/fonts/simple-line-icons/fonts/Simple-Line-Icons.eot]
[pixinvent.com/apex-angular-4-bootstrap-admin-template/html-demo-3/app-assets/fonts/simple-line-icons/fonts/Simple-Line-Iconsd41d.eot]
[pixinvent.com/apex-angular-4-bootstrap-admin-template/html-demo-3/app-assets/img/flags/de.png]
[pixinvent.com/apex-angular-4-bootstrap-admin-template/html-demo-3/app-assets/fonts/simple-line-icons/fonts/Simple-Line-Icons.ttf]
[pixinvent.com/apex-angular-4-bootstrap-admin-template/html-demo-3/app-assets/img/portrait/small/avatar-s-12.png]
[pixinvent.com/apex-angular-4-bootstrap-admin-template/html-demo-3/app-assets/img/elements/14.png]
[pixinvent.com/apex-angular-4-bootstrap-admin-template/html-demo-3/app-assets/fonts/simple-line-icons/style.css]
[pixinvent.com/apex-angular-4-bootstrap-admin-template/html-demo-3/app-assets/img/portrait/small/avatar-s-11.png]
[pixinvent.com/apex-angular-4-bootstrap-admin-template/html-demo-3/app-assets/fonts/font-awesome/fonts/fontawesome-webfont3e6e.eot]
[pixinvent.com/apex-angular-4-bootstrap-admin-template/html-demo-3/app-assets/img/elements/07.png]
[pixinvent.com/apex-angular-4-bootstrap-admin-template/html-demo-3/app-assets/fonts/font-awesome/fonts/fontawesome-webfontd41d.eot]
[pixinvent.com/apex-angular-4-bootstrap-admin-template/html-demo-3/app-assets/fonts/font-awesome/css/font-awesome.min.css]
[pixinvent.com/apex-angular-4-bootstrap-admin-template/html-demo-3/app-assets/img/elements/11.png]
[pixinvent.com/apex-angular-4-bootstrap-admin-template/html-demo-3/app-assets/vendors/css/perfect-scrollbar.min.css]
[pixinvent.com/apex-angular-4-bootstrap-admin-template/html-demo-3/app-assets/img/portrait/small/avatar-s-3.png]
[pixinvent.com/apex-angular-4-bootstrap-admin-template/html-demo-3/app-assets/vendors/css/prism.min.css]
[pixinvent.com/apex-angular-4-bootstrap-admin-template/html-demo-3/app-assets/img/portrait/small/avatar-s-2.png]
[pixinvent.com/apex-angular-4-bootstrap-admin-template/html-demo-3/app-assets/vendors/css/chartist.min.css]
[pixinvent.com/apex-angular-4-bootstrap-admin-template/html-demo-3/app-assets/img/portrait/small/avatar-s-6.png]
[pixinvent.com/apex-angular-4-bootstrap-admin-template/html-demo-3/app-assets/fonts/weathericons/weathericons-regular-webfont.eot]
[pixinvent.com/apex-angular-4-bootstrap-admin-template/html-demo-3/app-assets/img/portrait/small/avatar-s-18.png]
[pixinvent.com/apex-angular-4-bootstrap-admin-template/html-demo-3/app-assets/fonts/weathericons/weathericons-regular-webfontd41d.eot]
[pixinvent.com/apex-angular-4-bootstrap-admin-template/html-demo-3/app-assets/fonts/weathericons/weathericons-regular-webfont.woff2]
[pixinvent.com/apex-angular-4-bootstrap-admin-template/html-demo-3/app-assets/fonts/weathericons/weathericons-regular-webfont.woff]
[pixinvent.com/apex-angular-4-bootstrap-admin-template/html-demo-3/app-assets/fonts/weathericons/weathericons-regular-webfont.ttf]
[pixinvent.com/apex-angular-4-bootstrap-admin-template/html-demo-3/app-assets/img/portrait/small/avatar-s-1.png]
[pixinvent.com/apex-angular-4-bootstrap-admin-template/html-demo-3/app-assets/img/portrait/small/avatar-s-15.png]
[pixinvent.com/apex-angular-4-bootstrap-admin-template/html-demo-3/app-assets/css/app.css]
[pixinvent.com/apex-angular-4-bootstrap-admin-template/html-demo-3/dashboard1.html]
[pixinvent.com/apex-angular-4-bootstrap-admin-template/html-demo-3/app-assets/img/portrait/small/avatar-s-19.png]
[pixinvent.com/apex-angular-4-bootstrap-admin-template/html-demo-3/app-assets/vendors/css/dragula.min.css]
[pixinvent.com/apex-angular-4-bootstrap-admin-template/html-demo-3/app-assets/img/portrait/small/avatar-s-14.png]
[pixinvent.com/apex-angular-4-bootstrap-admin-template/html-demo-3/app-assets/vendors/css/pickadate/pickadate.css]
[pixinvent.com/apex-angular-4-bootstrap-admin-template/html-demo-3/app-assets/img/portrait/small/avatar-s-13.png]
[pixinvent.com/apex-angular-4-bootstrap-admin-template/html-demo-3/app-assets/vendors/css/sweetalert2.min.css]
[pixinvent.com/apex-angular-4-bootstrap-admin-template/html-demo-3/app-assets/vendors/js/dragula.min.js]
[pixinvent.com/apex-angular-4-bootstrap-admin-template/html-demo-3/app-assets/vendors/css/toastr.css]
[pixinvent.com/apex-angular-4-bootstrap-admin-template/html-demo-3/app-assets/vendors/js/pickadate/picker.js]
[pixinvent.com/apex-angular-4-bootstrap-admin-template/html-demo-3/app-assets/vendors/css/nouislider.min.css]
[pixinvent.com/apex-angular-4-bootstrap-admin-template/html-demo-3/app-assets/vendors/js/dropzone.min.js]
[pixinvent.com/apex-angular-4-bootstrap-admin-template/html-demo-3/app-assets/vendors/css/dropzone.min.css]
[pixinvent.com/apex-angular-4-bootstrap-admin-template/html-demo-3/app-assets/vendors/js/sweetalert2.min.js]
[pixinvent.com/apex-angular-4-bootstrap-admin-template/html-demo-3/app-assets/css/plugins/file-uploaders/dropzone.html]
[pixinvent.com/apex-angular-4-bootstrap-admin-template/html-demo-3/app-assets/vendors/js/katex.min.js]
[pixinvent.com/apex-angular-4-bootstrap-admin-template/html-demo-3/app-assets/vendors/js/toastr.min.js]
[pixinvent.com/apex-angular-4-bootstrap-admin-template/html-demo-3/app-assets/vendors/css/fonts/KaTeX_AMS-Regular.12b.delayed]
[pixinvent.com/apex-angular-4-bootstrap-admin-template/html-demo-3/app-assets/vendors/js/highlight.min.js]
[pixinvent.com/apex-angular-4-bootstrap-admin-template/html-demo-3/app-assets/vendors/js/quill.min.js]
[pixinvent.com/apex-angular-4-bootstrap-admin-template/html-demo-3/app-assets/js/quill.min.js]
[pixinvent.com/apex-angular-4-bootstrap-admin-template/html-demo-3/app-assets/vendors/js/wNumb.js]
[pixinvent.com/apex-angular-4-bootstrap-admin-template/html-demo-3/app-assets/vendors/js/hopscotch.min.js]
[pixinvent.com/apex-angular-4-bootstrap-admin-template/html-demo-3/app-assets/js/tour.min.js]
[pixinvent.com/apex-angular-4-bootstrap-admin-template/html-demo-3/app-assets/js/dropzone.js]
[pixinvent.com/apex-angular-4-bootstrap-admin-template/html-demo-3/app-assets/vendors/css/fonts/KaTeX_AMS-Regular.12c.delayed]
[pixinvent.com/apex-angular-4-bootstrap-admin-template/html-demo-3/app-assets/js/draggable.js]
[pixinvent.com/apex-angular-4-bootstrap-admin-template/html-demo-3/app-assets/vendors/css/fonts/KaTeX_AMS-Regular.12d.delayed]
[pixinvent.com/apex-angular-4-bootstrap-admin-template/html-demo-3/app-assets/img/crop-pic.jpg]
[pixinvent.com/apex-angular-4-bootstrap-admin-template/html-demo-3/app-assets/img/gallery/15.jpg]
[pixinvent.com/apex-angular-4-bootstrap-admin-template/html-demo-3/app-assets/img/gallery/1.jpg]
[pixinvent.com/apex-angular-4-bootstrap-admin-template/html-demo-3/app-assets/img/gallery/3.jpg]
[pixinvent.com/apex-angular-4-bootstrap-admin-template/html-demo-3/app-assets/img/gallery/5.jpg]
[pixinvent.com/apex-angular-4-bootstrap-admin-template/html-demo-3/app-assets/img/gallery/7.jpg]
[pixinvent.com/apex-angular-4-bootstrap-admin-template/html-demo-3/app-assets/img/gallery/28.jpg]
[pixinvent.com/apex-angular-4-bootstrap-admin-template/html-demo-3/app-assets/img/gallery/17.jpg]
[pixinvent.com/apex-angular-4-bootstrap-admin-template/html-demo-3/app-assets/img/gallery/21.jpg]
[pixinvent.com/apex-angular-4-bootstrap-admin-template/html-demo-3/app-assets/vendors/css/fonts/KaTeX_AMS-Regular.12e.delayed]
[pixinvent.com/apex-angular-4-bootstrap-admin-template/html-demo-3/app-assets/img/gallery/14.jpg]
[pixinvent.com/apex-angular-4-bootstrap-admin-template/html-demo-3/app-assets/img/gallery/33.jpg]
[pixinvent.com/apex-angular-4-bootstrap-admin-template/html-demo-3/app-assets/img/gallery/32.jpg]
[pixinvent.com/apex-angular-4-bootstrap-admin-template/html-demo-3/app-assets/vendors/js/cropper.min.js]
[pixinvent.com/apex-angular-4-bootstrap-admin-template/html-demo-3/app-assets/js/image-cropper.js]
[pixinvent.com/apex-angular-4-bootstrap-admin-template/html-demo-3/app-assets/img/gallery/27.jpg]
[pixinvent.com/apex-angular-4-bootstrap-admin-template/html-demo-3/app-assets/img/gallery/29.jpg]
[pixinvent.com/apex-angular-4-bootstrap-admin-template/html-demo-3/app-assets/vendors/css/fonts/KaTeX_Caligraphic-Bold.12f.delayed]
[pixinvent.com/apex-angular-4-bootstrap-admin-template/html-demo-3/app-assets/vendors/js/tagging.min.js]
[pixinvent.com/apex-angular-4-bootstrap-admin-template/html-demo-3/app-assets/js/tagging.js]
[pixinvent.com/apex-angular-4-bootstrap-admin-template/html-demo-3/app-assets/vendors/js/switchery.min.js]
[pixinvent.com/apex-angular-4-bootstrap-admin-template/html-demo-3/app-assets/js/switch.min.js]
[pixinvent.com/apex-angular-4-bootstrap-admin-template/html-demo-3/app-assets/vendors/js/jquery.steps.min.js]
[pixinvent.com/apex-angular-4-bootstrap-admin-template/html-demo-3/app-assets/vendors/js/jquery.validate.min.js]
[pixinvent.com/apex-angular-4-bootstrap-admin-template/html-demo-3/app-assets/vendors/css/fonts/KaTeX_Caligraphic-Bold.130.delayed]
[pixinvent.com/apex-angular-4-bootstrap-admin-template/html-demo-3/app-assets/vendors/js/datatable/datatables.min.js]
[pixinvent.com/apex-angular-4-bootstrap-admin-template/html-demo-3/app-assets/vendors/js/jqBootstrapValidation.js]
[pixinvent.com/apex-angular-4-bootstrap-admin-template/html-demo-3/app-assets/js/form-validation.js]
[pixinvent.com/apex-angular-4-bootstrap-admin-template/html-demo-3/app-assets/js/wizard-steps.js]
[pixinvent.com/apex-angular-4-bootstrap-admin-template/html-demo-3/app-assets/vendors/js/datatable/buttons.flash.min.js]
[pixinvent.com/apex-angular-4-bootstrap-admin-template/html-demo-3/app-assets/vendors/css/fonts/KaTeX_Caligraphic-Bold.131.delayed]
[pixinvent.com/apex-angular-4-bootstrap-admin-template/html-demo-3/app-assets/js/data-tables/datatable-basic.js]
[pixinvent.com/apex-angular-4-bootstrap-admin-template/html-demo-3/app-assets/vendors/js/datatable/dataTables.buttons.min.js]
[pixinvent.com/apex-angular-4-bootstrap-admin-template/html-demo-3/app-assets/vendors/js/datatable/buttons.html5.min.js]
[pixinvent.com/apex-angular-4-bootstrap-admin-template/html-demo-3/app-assets/vendors/js/datatable/jszip.min.js]
[pixinvent.com/apex-angular-4-bootstrap-admin-template/html-demo-3/app-assets/vendors/js/datatable/vfs_fonts.js]
[pixinvent.com/apex-angular-4-bootstrap-admin-template/html-demo-3/app-assets/js/data-tables/datatable-styling.js]
[pixinvent.com/apex-angular-4-bootstrap-admin-template/html-demo-3/app-assets/js/data-tables/datatables-sources.js]
[pixinvent.com/apex-angular-4-bootstrap-admin-template/html-demo-3/app-assets/vendors/css/fonts/KaTeX_Caligraphic-Bold.132.delayed]
[pixinvent.com/apex-angular-4-bootstrap-admin-template/html-demo-3/app-assets/vendors/js/datatable/buttons.print.min.js]
[pixinvent.com/apex-angular-4-bootstrap-admin-template/html-demo-3/app-assets/js/data-tables/datatable-advanced.js]
[pixinvent.com/apex-angular-4-bootstrap-admin-template/html-demo-3/app-assets/vendors/js/datatable/dataTables.responsive.min.js]
[pixinvent.com/apex-angular-4-bootstrap-admin-template/html-demo-3/app-assets/img/photos/15.jpg]
[pixinvent.com/apex-angular-4-bootstrap-admin-template/html-demo-3/app-assets/img/photos/weather-2.png]
[pixinvent.com/apex-angular-4-bootstrap-admin-template/html-demo-3/app-assets/js/data-tables/datatable-api.js]
[pixinvent.com/apex-angular-4-bootstrap-admin-template/html-demo-3/app-assets/img/elements/04.png]
[pixinvent.com/apex-angular-4-bootstrap-admin-template/html-demo-3/app-assets/vendors/css/fonts/KaTeX_Caligraphic-Regular.133.delayed]
[pixinvent.com/apex-angular-4-bootstrap-admin-template/html-demo-3/app-assets/img/photos/14.jpg]
[pixinvent.com/apex-angular-4-bootstrap-admin-template/html-demo-3/app-assets/img/elements/06.png]
[pixinvent.com/apex-angular-4-bootstrap-admin-template/html-demo-3/app-assets/vendors/js/chart.min.js]
[pixinvent.com/apex-angular-4-bootstrap-admin-template/html-demo-3/app-assets/js/chartjs.js]
[pixinvent.com/apex-angular-4-bootstrap-admin-template/html-demo-3/app-assets/vendors/js/gmaps.min.js]
[pixinvent.com/apex-angular-4-bootstrap-admin-template/html-demo-3/app-assets/js/maps.js]
[pixinvent.com/apex-angular-4-bootstrap-admin-template/html-demo-3/app-assets/vendors/css/fonts/KaTeX_Caligraphic-Regular.134.delayed]
[pixinvent.com/apex-angular-4-bootstrap-admin-template/html-demo-3/app-assets/vendors/js/jquery-ui.min.js]
[pixinvent.com/apex-angular-4-bootstrap-admin-template/html-demo-3/app-assets/js/chartist.js]
[pixinvent.com/apex-angular-4-bootstrap-admin-template/html-demo-3/app-assets/js/fullcalendar.js]
[pixinvent.com/apex-angular-4-bootstrap-admin-template/html-demo-3/app-assets/vendors/js/moment.min.js]
[pixinvent.com/apex-angular-4-bootstrap-admin-template/html-demo-3/app-assets/vendors/js/fullcalendar.min.js]
[pixinvent.com/apex-angular-4-bootstrap-admin-template/html-demo-3/app-assets/img/gallery/4.jpg]
[pixinvent.com/apex-angular-4-bootstrap-admin-template/html-demo-3/app-assets/img/gallery/6.jpg]
[pixinvent.com/apex-angular-4-bootstrap-admin-template/html-demo-3/app-assets/vendors/css/fonts/KaTeX_Caligraphic-Regular.135.delayed]
[pixinvent.com/apex-angular-4-bootstrap-admin-template/html-demo-3/app-assets/img/gallery/8.jpg]
[pixinvent.com/apex-angular-4-bootstrap-admin-template/html-demo-3/app-assets/img/gallery/9.jpg]
[pixinvent.com/apex-angular-4-bootstrap-admin-template/html-demo-3/app-assets/js/horizontal-timeline.min.js]
[pixinvent.com/apex-angular-4-bootstrap-admin-template/html-demo-3/app-assets/vendors/css/fonts/KaTeX_Caligraphic-Regular.136.delayed]
[pixinvent.com/apex-angular-4-bootstrap-admin-template/html-demo-3/app-assets/img/gallery/10.jpg]
[pixinvent.com/apex-angular-4-bootstrap-admin-template/html-demo-3/app-assets/img/gallery/12.jpg]
[pixinvent.com/apex-angular-4-bootstrap-admin-template/html-demo-3/app-assets/vendors/css/fonts/KaTeX_Fraktur-Bold.137.delayed]
[pixinvent.com/apex-angular-4-bootstrap-admin-template/html-demo-3/app-assets/img/gallery/2.jpg]
[pixinvent.com/apex-angular-4-bootstrap-admin-template/html-demo-3/app-assets/img/elements/13.png]
[pixinvent.com/apex-angular-4-bootstrap-admin-template/html-demo-3/app-assets/img/portrait/small/avatar-s-16.png]
[pixinvent.com/apex-angular-4-bootstrap-admin-template/html-demo-3/app-assets/img/gallery/11.jpg]
[pixinvent.com/apex-angular-4-bootstrap-admin-template/html-demo-3/app-assets/img/gallery/16.jpg]
[pixinvent.com/apex-angular-4-bootstrap-admin-template/html-demo-3/app-assets/img/portrait/avatars/avatar-08.png]
[pixinvent.com/apex-angular-4-bootstrap-admin-template/html-demo-3/app-assets/vendors/css/fonts/KaTeX_Fraktur-Bold.138.delayed]
[pixinvent.com/apex-angular-4-bootstrap-admin-template/html-demo-3/app-assets/img/gallery/13.jpg]
[pixinvent.com/apex-angular-4-bootstrap-admin-template/html-demo-3/app-assets/img/portrait/avatars/avatar-03.png]
[pixinvent.com/apex-angular-4-bootstrap-admin-template/html-demo-3/app-assets/img/portrait/avatars/avatar-10.png]
[pixinvent.com/apex-angular-4-bootstrap-admin-template/html-demo-3/app-assets/img/logos/logo-big-black.png]
[pixinvent.com/apex-angular-4-bootstrap-admin-template/html-demo-3/app-assets/img/pages/signature-scan.png]
[pixinvent.com/apex-angular-4-bootstrap-admin-template/html-demo-3/app-assets/vendors/css/fonts/KaTeX_Fraktur-Bold.139.delayed]
[pixinvent.com/apex-angular-4-bootstrap-admin-template/html-demo-3/app-assets/vendors/js/jquery.countdown.min.js]
[pixinvent.com/apex-angular-4-bootstrap-admin-template/html-demo-3/app-assets/js/coming-soon.js]
[pixinvent.com/apex-angular-4-bootstrap-admin-template/html-demo-3/app-assets/img/gallery/25.jpg]
[pixinvent.com/apex-angular-4-bootstrap-admin-template/html-demo-3/app-assets/img/gallery/26.jpg]
[pixinvent.com/apex-angular-4-bootstrap-admin-template/html-demo-3/app-assets/img/logos/logo-color-big.png]
[pixinvent.com/apex-angular-4-bootstrap-admin-template/html-demo-3/app-assets/img/gallery/19.jpg]
[pixinvent.com/apex-angular-4-bootstrap-admin-template/html-demo-3/app-assets/img/gallery/20.jpg]
[pixinvent.com/apex-angular-4-bootstrap-admin-template/html-demo-3/app-assets/img/ico/apple-icon-60.html]
[pixinvent.com/apex-angular-4-bootstrap-admin-template/html-demo-3/app-assets/fonts/feather/fonts/feather2467.eot]
[pixinvent.com/apex-angular-4-bootstrap-admin-template/html-demo-3/app-assets/fonts/feather/fonts/feather2467.ttf]
[pixinvent.com/apex-angular-4-bootstrap-admin-template/html-demo-3/app-assets/fonts/feather/fonts/feather2467.woff]
[pixinvent.com/apex-angular-4-bootstrap-admin-template/html-demo-3/app-assets/fonts/simple-line-icons/fonts/Simple-Line-Iconsd41d.eot]
[pixinvent.com/apex-angular-4-bootstrap-admin-template/html-demo-3/app-assets/vendors/css/fonts/KaTeX_Fraktur-Bold.13a.delayed]
[pixinvent.com/apex-angular-4-bootstrap-admin-template/html-demo-3/app-assets/img/gallery/18.jpg]
[pixinvent.com/apex-angular-4-bootstrap-admin-template/html-demo-3/app-assets/vendors/css/fonts/KaTeX_Fraktur-Regular.13b.delayed]
[pixinvent.com/apex-angular-4-bootstrap-admin-template/html-demo-3/app-assets/fonts/font-awesome/fonts/fontawesome-webfontd41d.eot]
[pixinvent.com/apex-angular-4-bootstrap-admin-template/html-demo-3/app-assets/fonts/simple-line-icons/fonts/Simple-Line-Icons.eot]
[pixinvent.com/apex-angular-4-bootstrap-admin-template/html-demo-3/app-assets/vendors/css/fonts/KaTeX_Fraktur-Regular.13c.delayed]
[pixinvent.com/apex-angular-4-bootstrap-admin-template/html-demo-3/app-assets/fonts/weathericons/weathericons-regular-webfont.eot]
[pixinvent.com/apex-angular-4-bootstrap-admin-template/html-demo-3/app-assets/fonts/simple-line-icons/fonts/Simple-Line-Icons.ttf]
[pixinvent.com/apex-angular-4-bootstrap-admin-template/html-demo-3/app-assets/fonts/weathericons/weathericons-regular-webfontd41d.eot]
[pixinvent.com/apex-angular-4-bootstrap-admin-template/html-demo-3/app-assets/fonts/weathericons/weathericons-regular-webfont.woff2]
[pixinvent.com/apex-angular-4-bootstrap-admin-template/html-demo-3/app-assets/fonts/font-awesome/fonts/fontawesome-webfont3e6e.eot]
[pixinvent.com/apex-angular-4-bootstrap-admin-template/html-demo-3/app-assets/fonts/weathericons/weathericons-regular-webfont.woff]
[pixinvent.com/apex-angular-4-bootstrap-admin-template/html-demo-3/app-assets/fonts/weathericons/weathericons-regular-webfont.ttf]
[pixinvent.com/apex-angular-4-bootstrap-admin-template/html-demo-3/app-assets/vendors/css/fonts/KaTeX_Fraktur-Regular.13d.delayed]
[pixinvent.com/apex-angular-4-bootstrap-admin-template/html-demo-3/app-assets/vendors/css/fonts/KaTeX_Fraktur-Regular.13e.delayed]
[pixinvent.com/apex-angular-4-bootstrap-admin-template/html-demo-3/app-assets/vendors/css/fonts/KaTeX_Main-Bold.13f.delayed]
[pixinvent.com/apex-angular-4-bootstrap-admin-template/html-demo-3/app-assets/vendors/css/fonts/KaTeX_Main-Bold.140.delayed]
[pixinvent.com/apex-angular-4-bootstrap-admin-template/html-demo-3/app-assets/vendors/css/fonts/KaTeX_Main-Bold.141.delayed]
[pixinvent.com/apex-angular-4-bootstrap-admin-template/html-demo-3/app-assets/vendors/css/fonts/KaTeX_Main-Bold.142.delayed]
[pixinvent.com/apex-angular-4-bootstrap-admin-template/html-demo-3/app-assets/vendors/css/fonts/KaTeX_Main-Italic.143.delayed]
[pixinvent.com/apex-angular-4-bootstrap-admin-template/html-demo-3/app-assets/vendors/css/fonts/KaTeX_Main-Italic.144.delayed]
[pixinvent.com/apex-angular-4-bootstrap-admin-template/html-demo-3/app-assets/vendors/css/fonts/KaTeX_Main-Italic.145.delayed]
[pixinvent.com/apex-angular-4-bootstrap-admin-template/html-demo-3/app-assets/vendors/css/fonts/KaTeX_Main-Italic.146.delayed]
[pixinvent.com/apex-angular-4-bootstrap-admin-template/html-demo-3/app-assets/vendors/css/fonts/KaTeX_Main-Regular.147.delayed]
[pixinvent.com/apex-angular-4-bootstrap-admin-template/html-demo-3/app-assets/vendors/css/fonts/KaTeX_Main-Regular.woff2]
[pixinvent.com/apex-angular-4-bootstrap-admin-template/html-demo-3/app-assets/vendors/css/fonts/KaTeX_Main-Regular.149.delayed]
[pixinvent.com/apex-angular-4-bootstrap-admin-template/html-demo-3/app-assets/vendors/css/fonts/KaTeX_Main-Regular.14a.delayed]
[pixinvent.com/apex-angular-4-bootstrap-admin-template/html-demo-3/app-assets/vendors/css/fonts/KaTeX_Math-Italic.14b.delayed]
[pixinvent.com/apex-angular-4-bootstrap-admin-template/html-demo-3/app-assets/vendors/css/fonts/KaTeX_Math-Italic.woff2]
[pixinvent.com/apex-angular-4-bootstrap-admin-template/html-demo-3/app-assets/vendors/css/fonts/KaTeX_Math-Italic.14d.delayed]
[pixinvent.com/apex-angular-4-bootstrap-admin-template/html-demo-3/app-assets/vendors/css/fonts/KaTeX_Math-Italic.14e.delayed]
[pixinvent.com/apex-angular-4-bootstrap-admin-template/html-demo-3/app-assets/vendors/css/fonts/KaTeX_SansSerif-Regular.14f.delayed]
[pixinvent.com/apex-angular-4-bootstrap-admin-template/html-demo-3/app-assets/vendors/css/fonts/KaTeX_SansSerif-Regular.150.delayed]
[pixinvent.com/apex-angular-4-bootstrap-admin-template/html-demo-3/app-assets/vendors/css/fonts/KaTeX_SansSerif-Regular.151.delayed]
[pixinvent.com/apex-angular-4-bootstrap-admin-template/html-demo-3/app-assets/vendors/css/fonts/KaTeX_SansSerif-Regular.152.delayed]
[pixinvent.com/apex-angular-4-bootstrap-admin-template/html-demo-3/app-assets/vendors/css/fonts/KaTeX_Script-Regular.153.delayed]
[pixinvent.com/apex-angular-4-bootstrap-admin-template/html-demo-3/app-assets/vendors/css/fonts/KaTeX_Script-Regular.154.delayed]
[pixinvent.com/apex-angular-4-bootstrap-admin-template/html-demo-3/app-assets/vendors/css/fonts/KaTeX_Script-Regular.155.delayed]
[pixinvent.com/apex-angular-4-bootstrap-admin-template/html-demo-3/app-assets/vendors/css/fonts/KaTeX_Script-Regular.156.delayed]
[pixinvent.com/apex-angular-4-bootstrap-admin-template/html-demo-3/app-assets/vendors/css/fonts/KaTeX_Size1-Regular.157.delayed]
[pixinvent.com/apex-angular-4-bootstrap-admin-template/html-demo-3/app-assets/vendors/css/fonts/KaTeX_Size1-Regular.158.delayed]
[pixinvent.com/apex-angular-4-bootstrap-admin-template/html-demo-3/app-assets/vendors/css/fonts/KaTeX_Size1-Regular.159.delayed]
[pixinvent.com/apex-angular-4-bootstrap-admin-template/html-demo-3/app-assets/vendors/css/fonts/KaTeX_Size1-Regular.15a.delayed]
[pixinvent.com/apex-angular-4-bootstrap-admin-template/html-demo-3/app-assets/vendors/css/fonts/KaTeX_Size2-Regular.15b.delayed]
[pixinvent.com/apex-angular-4-bootstrap-admin-template/html-demo-3/app-assets/vendors/css/fonts/KaTeX_Size2-Regular.15c.delayed]
[pixinvent.com/apex-angular-4-bootstrap-admin-template/html-demo-3/app-assets/vendors/css/fonts/KaTeX_Size2-Regular.15d.delayed]
[pixinvent.com/apex-angular-4-bootstrap-admin-template/html-demo-3/app-assets/vendors/css/fonts/KaTeX_Size2-Regular.15e.delayed]
[pixinvent.com/apex-angular-4-bootstrap-admin-template/html-demo-3/app-assets/vendors/css/fonts/KaTeX_Size3-Regular.15f.delayed]
[pixinvent.com/apex-angular-4-bootstrap-admin-template/html-demo-3/app-assets/vendors/css/fonts/KaTeX_Size3-Regular.160.delayed]
[pixinvent.com/apex-angular-4-bootstrap-admin-template/html-demo-3/app-assets/vendors/css/fonts/KaTeX_Size3-Regular.161.delayed]
[pixinvent.com/apex-angular-4-bootstrap-admin-template/html-demo-3/app-assets/vendors/css/fonts/KaTeX_Size3-Regular.162.delayed]
[pixinvent.com/apex-angular-4-bootstrap-admin-template/html-demo-3/app-assets/vendors/css/fonts/KaTeX_Size4-Regular.163.delayed]
[pixinvent.com/apex-angular-4-bootstrap-admin-template/html-demo-3/app-assets/vendors/css/fonts/KaTeX_Size4-Regular.164.delayed]
[pixinvent.com/apex-angular-4-bootstrap-admin-template/html-demo-3/app-assets/vendors/css/fonts/KaTeX_Size4-Regular.165.delayed]
[pixinvent.com/apex-angular-4-bootstrap-admin-template/html-demo-3/app-assets/vendors/css/fonts/KaTeX_Size4-Regular.166.delayed]
[pixinvent.com/apex-angular-4-bootstrap-admin-template/html-demo-3/app-assets/vendors/css/fonts/KaTeX_Typewriter-Regular.167.delayed]
[pixinvent.com/apex-angular-4-bootstrap-admin-template/html-demo-3/app-assets/vendors/css/fonts/KaTeX_Typewriter-Regular.168.delayed]
[pixinvent.com/apex-angular-4-bootstrap-admin-template/html-demo-3/app-assets/vendors/css/fonts/KaTeX_Typewriter-Regular.169.delayed]
[pixinvent.com/apex-angular-4-bootstrap-admin-template/html-demo-3/app-assets/vendors/css/fonts/KaTeX_Typewriter-Regular.16a.delayed]
[pixinvent.com/apex-angular-4-bootstrap-admin-template/html-demo-3/app-assets/vendors/css/katex.min.css]
[pixinvent.com/apex-angular-4-bootstrap-admin-template/html-demo-3/app-assets/vendors/css/monokai-sublime.min.css]
[pixinvent.com/apex-angular-4-bootstrap-admin-template/html-demo-3/app-assets/vendors/css/quill.snow.css]
[pixinvent.com/apex-angular-4-bootstrap-admin-template/html-demo-3/app-assets/vendors/css/quill.bubble.css]
[pixinvent.com/apex-angular-4-bootstrap-admin-template/html-demo-3/app-assets/vendors/img/tour/cross.16b.delayed]
[pixinvent.com/apex-angular-4-bootstrap-admin-template/html-demo-3/app-assets/vendors/css/hopscotch.css]
[pixinvent.com/apex-angular-4-bootstrap-admin-template/html-demo-3/app-assets/vendors/css/tagging.css]
[pixinvent.com/apex-angular-4-bootstrap-admin-template/html-demo-3/app-assets/vendors/css/switchery.min.css]
[pixinvent.com/apex-angular-4-bootstrap-admin-template/html-demo-3/app-assets/vendors/css/wizard.css]
[pixinvent.com/apex-angular-4-bootstrap-admin-template/html-demo-3/app-assets/vendors/css/tables/datatable/datatables.min.css]
[pixinvent.com/apex-angular-4-bootstrap-admin-template/html-demo-3/app-assets/vendors/css/tables/datatable/responsive.dataTables.min.css]
[pixinvent.com/apex-angular-4-bootstrap-admin-template/html-demo-3/app-assets/vendors/css/fullcalendar.min.css]
[pixinvent.com/apex-angular-4-bootstrap-admin-template/html-demo-3/app-assets/fonts/feather/fonts/feather2467.svg]
[pixinvent.com/apex-angular-4-bootstrap-admin-template/html-demo-3/app-assets/fonts/simple-line-icons/fonts/Simple-Line-Icons.svg]
[pixinvent.com/apex-angular-4-bootstrap-admin-template/html-demo-3/app-assets/fonts/weathericons/weathericons-regular-webfont.svg]
[pixinvent.com/apex-angular-4-bootstrap-admin-template/html-demo-3/app-assets/img/svg/cd-arrow.svg]
[pixinvent.com/apex-angular-4-bootstrap-admin-template/html-demo-3/color-palettes.html]
[pixinvent.com/apex-angular-4-bootstrap-admin-template/html-demo-3/app-assets/vendors/css/fonts/KaTeX_AMS-Regular-2.html]
[pixinvent.com/apex-angular-4-bootstrap-admin-template/html-demo-3/app-assets/vendors/css/fonts/KaTeX_AMS-Regular-4.html]
[pixinvent.com/apex-angular-4-bootstrap-admin-template/html-demo-3/app-assets/vendors/css/fonts/KaTeX_Caligraphic-Bold.html]
[pixinvent.com/apex-angular-4-bootstrap-admin-template/html-demo-3/app-assets/vendors/css/fonts/KaTeX_Caligraphic-Bold-2.html]
[pixinvent.com/apex-angular-4-bootstrap-admin-template/html-demo-3/app-assets/vendors/css/fonts/KaTeX_Caligraphic-Bold-3.html]
[pixinvent.com/apex-angular-4-bootstrap-admin-template/html-demo-3/app-assets/vendors/css/fonts/KaTeX_Caligraphic-Bold-4.html]
[pixinvent.com/apex-angular-4-bootstrap-admin-template/html-demo-3/app-assets/vendors/css/fonts/KaTeX_Caligraphic-Regular.html]
[pixinvent.com/apex-angular-4-bootstrap-admin-template/html-demo-3/app-assets/vendors/css/fonts/KaTeX_Caligraphic-Regular-2.html]
[pixinvent.com/apex-angular-4-bootstrap-admin-template/html-demo-3/app-assets/vendors/css/fonts/KaTeX_Caligraphic-Regular-3.html]
[pixinvent.com/apex-angular-4-bootstrap-admin-template/html-demo-3/app-assets/vendors/css/fonts/KaTeX_Fraktur-Bold-2.html]
[pixinvent.com/apex-angular-4-bootstrap-admin-template/html-demo-3/app-assets/vendors/css/fonts/KaTeX_Fraktur-Bold-3.html]
[pixinvent.com/apex-angular-4-bootstrap-admin-template/html-demo-3/app-assets/vendors/css/fonts/KaTeX_Fraktur-Bold-4.html]
[pixinvent.com/apex-angular-4-bootstrap-admin-template/html-demo-3/app-assets/vendors/css/fonts/KaTeX_Fraktur-Regular-3.html]
[pixinvent.com/apex-angular-4-bootstrap-admin-template/html-demo-3/app-assets/vendors/css/fonts/KaTeX_Fraktur-Regular-4.html]
[pixinvent.com/apex-angular-4-bootstrap-admin-template/html-demo-3/app-assets/vendors/css/fonts/KaTeX_Main-Bold-4.html]
[pixinvent.com/apex-angular-4-bootstrap-admin-template/html-demo-3/app-assets/vendors/css/fonts/KaTeX_Main-Italic.html]
[pixinvent.com/apex-angular-4-bootstrap-admin-template/html-demo-3/app-assets/vendors/css/fonts/KaTeX_Main-Italic-2.html]
[pixinvent.com/apex-angular-4-bootstrap-admin-template/html-demo-3/app-assets/vendors/css/fonts/KaTeX_Main-Italic-3.html]
[pixinvent.com/apex-angular-4-bootstrap-admin-template/html-demo-3/app-assets/vendors/css/fonts/KaTeX_Main-Italic-4.html]
[pixinvent.com/apex-angular-4-bootstrap-admin-template/html-demo-3/app-assets/vendors/css/fonts/KaTeX_Main-Regular.html]
[pixinvent.com/apex-angular-4-bootstrap-admin-template/html-demo-3/app-assets/vendors/css/fonts/KaTeX_Main-Regular-2.html]
[pixinvent.com/apex-angular-4-bootstrap-admin-template/html-demo-3/app-assets/vendors/css/fonts/KaTeX_Main-Regular-3.html]
[pixinvent.com/apex-angular-4-bootstrap-admin-template/html-demo-3/app-assets/vendors/css/fonts/KaTeX_Math-Italic.html]
[pixinvent.com/apex-angular-4-bootstrap-admin-template/html-demo-3/app-assets/vendors/css/fonts/KaTeX_Math-Italic-2.html]
[pixinvent.com/apex-angular-4-bootstrap-admin-template/html-demo-3/app-assets/vendors/css/fonts/KaTeX_Math-Italic-3.html]
[pixinvent.com/apex-angular-4-bootstrap-admin-template/html-demo-3/app-assets/vendors/css/fonts/KaTeX_SansSerif-Regular.html]
[pixinvent.com/apex-angular-4-bootstrap-admin-template/html-demo-3/app-assets/vendors/css/fonts/KaTeX_SansSerif-Regular-2.html]
[pixinvent.com/apex-angular-4-bootstrap-admin-template/html-demo-3/app-assets/vendors/css/fonts/KaTeX_SansSerif-Regular-3.html]
[pixinvent.com/apex-angular-4-bootstrap-admin-template/html-demo-3/app-assets/vendors/css/fonts/KaTeX_SansSerif-Regular-4.html]
[pixinvent.com/apex-angular-4-bootstrap-admin-template/html-demo-3/app-assets/vendors/css/fonts/KaTeX_Script-Regular.html]
[pixinvent.com/apex-angular-4-bootstrap-admin-template/html-demo-3/app-assets/vendors/css/fonts/KaTeX_Script-Regular-2.html]
[pixinvent.com/apex-angular-4-bootstrap-admin-template/html-demo-3/app-assets/vendors/css/fonts/KaTeX_Script-Regular-3.html]
[pixinvent.com/apex-angular-4-bootstrap-admin-template/html-demo-3/app-assets/vendors/css/fonts/KaTeX_Script-Regular-4.html]
[pixinvent.com/apex-angular-4-bootstrap-admin-template/html-demo-3/app-assets/vendors/css/fonts/KaTeX_Size1-Regular.html]
[pixinvent.com/apex-angular-4-bootstrap-admin-template/html-demo-3/app-assets/vendors/css/fonts/KaTeX_Size1-Regular-2.html]
[pixinvent.com/apex-angular-4-bootstrap-admin-template/html-demo-3/app-assets/vendors/css/fonts/KaTeX_Size1-Regular-3.html]
[pixinvent.com/apex-angular-4-bootstrap-admin-template/html-demo-3/app-assets/vendors/css/fonts/KaTeX_Size1-Regular-4.html]
[pixinvent.com/apex-angular-4-bootstrap-admin-template/html-demo-3/app-assets/vendors/css/fonts/KaTeX_Size2-Regular-3.html]
[pixinvent.com/apex-angular-4-bootstrap-admin-template/html-demo-3/app-assets/vendors/css/fonts/KaTeX_Size2-Regular-4.html]
[pixinvent.com/apex-angular-4-bootstrap-admin-template/html-demo-3/app-assets/vendors/css/fonts/KaTeX_Size3-Regular.html]
[pixinvent.com/apex-angular-4-bootstrap-admin-template/html-demo-3/app-assets/vendors/css/fonts/KaTeX_Size3-Regular-2.html]
[pixinvent.com/apex-angular-4-bootstrap-admin-template/html-demo-3/app-assets/vendors/css/fonts/KaTeX_Size3-Regular-3.html]
[pixinvent.com/apex-angular-4-bootstrap-admin-template/html-demo-3/app-assets/vendors/css/fonts/KaTeX_Size3-Regular-4.html]
[pixinvent.com/apex-angular-4-bootstrap-admin-template/html-demo-3/app-assets/vendors/css/fonts/KaTeX_Size4-Regular.html]
[pixinvent.com/apex-angular-4-bootstrap-admin-template/html-demo-3/app-assets/vendors/css/fonts/KaTeX_Size4-Regular-2.html]
[pixinvent.com/apex-angular-4-bootstrap-admin-template/html-demo-3/app-assets/vendors/css/fonts/KaTeX_Size4-Regular-3.html]
[pixinvent.com/apex-angular-4-bootstrap-admin-template/html-demo-3/app-assets/vendors/css/fonts/KaTeX_Size4-Regular-4.html]
[pixinvent.com/apex-angular-4-bootstrap-admin-template/html-demo-3/app-assets/vendors/css/fonts/KaTeX_Typewriter-Regular.html]
[pixinvent.com/apex-angular-4-bootstrap-admin-template/html-demo-3/app-assets/vendors/css/fonts/KaTeX_Typewriter-Regular-2.html]
[pixinvent.com/apex-angular-4-bootstrap-admin-template/html-demo-3/app-assets/vendors/css/fonts/KaTeX_Typewriter-Regular-3.html]
[pixinvent.com/apex-angular-4-bootstrap-admin-template/html-demo-3/app-assets/vendors/css/fonts/KaTeX_Typewriter-Regular-4.html]
[pixinvent.com/apex-angular-4-bootstrap-admin-template/html-demo-3/app-assets/vendors/img/tour/cross.html]
[pixinvent.com/apex-angular-4-bootstrap-admin-template/html-demo-3/app-assets/vendors/js/datatable/pdfmake.min.js]
[pixinvent.com/apex-angular-4-bootstrap-admin-template/html-demo-3/app-assets/img/ico/apple-icon-60.html]
[pixinvent.com/apex-angular-4-bootstrap-admin-template/html-demo-3/app-assets/img/ico/apple-icon-60.html]
[pixinvent.com/apex-angular-4-bootstrap-admin-template/html-demo-3/app-assets/img/ico/apple-icon-76.html]
[pixinvent.com/apex-angular-4-bootstrap-admin-template/html-demo-3/app-assets/img/ico/apple-icon-120.html]
[pixinvent.com/apex-angular-4-bootstrap-admin-template/html-demo-3/app-assets/vendors/css/fonts/KaTeX_AMS-Regular.html]
[pixinvent.com/apex-angular-4-bootstrap-admin-template/html-demo-3/app-assets/vendors/css/fonts/KaTeX_AMS-Regular-3.html]
[pixinvent.com/apex-angular-4-bootstrap-admin-template/html-demo-3/app-assets/vendors/css/fonts/KaTeX_Caligraphic-Regular-4.html]
[pixinvent.com/apex-angular-4-bootstrap-admin-template/html-demo-3/app-assets/vendors/css/fonts/KaTeX_Fraktur-Bold.html]
[pixinvent.com/apex-angular-4-bootstrap-admin-template/html-demo-3/app-assets/vendors/css/fonts/KaTeX_Fraktur-Regular.html]
[pixinvent.com/apex-angular-4-bootstrap-admin-template/html-demo-3/app-assets/vendors/css/fonts/KaTeX_Fraktur-Regular-2.html]
[pixinvent.com/apex-angular-4-bootstrap-admin-template/html-demo-3/app-assets/vendors/css/fonts/KaTeX_Main-Bold.html]
[pixinvent.com/apex-angular-4-bootstrap-admin-template/html-demo-3/app-assets/vendors/css/fonts/KaTeX_Main-Bold-2.html]
[pixinvent.com/apex-angular-4-bootstrap-admin-template/html-demo-3/app-assets/vendors/css/fonts/KaTeX_Main-Bold-3.html]
[pixinvent.com/apex-angular-4-bootstrap-admin-template/html-demo-3/app-assets/vendors/css/fonts/KaTeX_Size2-Regular.html]
[pixinvent.com/apex-angular-4-bootstrap-admin-template/html-demo-3/app-assets/vendors/css/fonts/KaTeX_Size2-Regular-2.html]
